// Jest Snapshot v1, https://goo.gl/fbAQLP

exports[`characters tests snapshot test 1`] = `
<ul>
  <Character
    character={
      Object {
        "is": "array",
      }
    }
    key="14fac065-68da-463d-9689-381d706ec11e"
  />
</ul>
`;
